Running tests for Frequent Itemset Mining Project...
Paper Example (Table 1): Error During Test at C:\Users\admin!\OneDrive - VNU-HCMUS\Desktop\KHTN\NAM_3\K├î 2\Khai th├íc dß╗» liß╗çu ß╗⌐ng dß╗Ñng\lab2\tests\test_correctness.jl:14
  Got exception outside of a @test
  UndefVarError: `inc!` not defined in `Main`
  Suggestion: check for spelling errors or missing imports.
  Hint: a global variable of this name also exists in DataStructures.
  Stacktrace:
    [1] build_bittable_db(transactions::Vector{Vector{Int64}}, minsup::Int64)
      @ Main C:\Users\admin!\OneDrive - VNU-HCMUS\Desktop\KHTN\NAM_3\K├î 2\Khai th├íc dß╗» liß╗çu ß╗⌐ng dß╗Ñng\lab2\src\algorithm\index_bittablefi.jl:41
    [2] index_bittablefi(transactions::Vector{Vector{Int64}}, minsup::Int64)
      @ Main C:\Users\admin!\OneDrive - VNU-HCMUS\Desktop\KHTN\NAM_3\K├î 2\Khai th├íc dß╗» liß╗çu ß╗⌐ng dß╗Ñng\lab2\src\algorithm\index_bittablefi.jl:247
    [3] macro expansion
      @ C:\Users\admin!\OneDrive - VNU-HCMUS\Desktop\KHTN\NAM_3\K├î 2\Khai th├íc dß╗» liß╗çu ß╗⌐ng dß╗Ñng\lab2\tests\test_correctness.jl:19 [inlined]
    [4] macro expansion
      @ C:\Users\admin!\AppData\Local\Programs\Julia-1.12.6\share\julia\stdlib\v1.12\Test\src\Test.jl:1777 [inlined]
    [5] macro expansion
      @ C:\Users\admin!\OneDrive - VNU-HCMUS\Desktop\KHTN\NAM_3\K├î 2\Khai th├íc dß╗» liß╗çu ß╗⌐ng dß╗Ñng\lab2\tests\test_correctness.jl:16 [inlined]
    [6] macro expansion
      @ C:\Users\admin!\AppData\Local\Programs\Julia-1.12.6\share\julia\stdlib\v1.12\Test\src\Test.jl:1777 [inlined]
    [7] top-level scope
      @ C:\Users\admin!\OneDrive - VNU-HCMUS\Desktop\KHTN\NAM_3\K├î 2\Khai th├íc dß╗» liß╗çu ß╗⌐ng dß╗Ñng\lab2\tests\test_correctness.jl:14
    [8] include(mapexpr::Function, mod::Module, _path::String)
      @ Base .\Base.jl:307
    [9] top-level scope
      @ C:\Users\admin!\OneDrive - VNU-HCMUS\Desktop\KHTN\NAM_3\K├î 2\Khai th├íc dß╗» liß╗çu ß╗⌐ng dß╗Ñng\lab2\tests\runtests.jl:9
   [10] macro expansion
      @ C:\Users\admin!\AppData\Local\Programs\Julia-1.12.6\share\julia\stdlib\v1.12\Test\src\Test.jl:1777 [inlined]
   [11] macro expansion
      @ C:\Users\admin!\OneDrive - VNU-HCMUS\Desktop\KHTN\NAM_3\K├î 2\Khai th├íc dß╗» liß╗çu ß╗⌐ng dß╗Ñng\lab2\tests\runtests.jl:9 [inlined]
   [12] include(mod::Module, _path::String)
      @ Base .\Base.jl:306
   [13] exec_options(opts::Base.JLOptions)
      @ Base .\client.jl:317
   [14] _start()
      @ Base .\client.jl:550
Simple Toy Dataset: Error During Test at C:\Users\admin!\OneDrive - VNU-HCMUS\Desktop\KHTN\NAM_3\K├î 2\Khai th├íc dß╗» liß╗çu ß╗⌐ng dß╗Ñng\lab2\tests\test_correctness.jl:48
  Got exception outside of a @test
  UndefVarError: `inc!` not defined in `Main`
  Suggestion: check for spelling errors or missing imports.
  Hint: a global variable of this name also exists in DataStructures.
  Stacktrace:
    [1] build_bittable_db(transactions::Vector{Vector{Int64}}, minsup::Int64)
      @ Main C:\Users\admin!\OneDrive - VNU-HCMUS\Desktop\KHTN\NAM_3\K├î 2\Khai th├íc dß╗» liß╗çu ß╗⌐ng dß╗Ñng\lab2\src\algorithm\index_bittablefi.jl:41
    [2] index_bittablefi(transactions::Vector{Vector{Int64}}, minsup::Int64)
      @ Main C:\Users\admin!\OneDrive - VNU-HCMUS\Desktop\KHTN\NAM_3\K├î 2\Khai th├íc dß╗» liß╗çu ß╗⌐ng dß╗Ñng\lab2\src\algorithm\index_bittablefi.jl:247
    [3] macro expansion
      @ C:\Users\admin!\OneDrive - VNU-HCMUS\Desktop\KHTN\NAM_3\K├î 2\Khai th├íc dß╗» liß╗çu ß╗⌐ng dß╗Ñng\lab2\tests\test_correctness.jl:58 [inlined]
    [4] macro expansion
      @ C:\Users\admin!\AppData\Local\Programs\Julia-1.12.6\share\julia\stdlib\v1.12\Test\src\Test.jl:1777 [inlined]
    [5] macro expansion
      @ C:\Users\admin!\OneDrive - VNU-HCMUS\Desktop\KHTN\NAM_3\K├î 2\Khai th├íc dß╗» liß╗çu ß╗⌐ng dß╗Ñng\lab2\tests\test_correctness.jl:49 [inlined]
    [6] macro expansion
      @ C:\Users\admin!\AppData\Local\Programs\Julia-1.12.6\share\julia\stdlib\v1.12\Test\src\Test.jl:1777 [inlined]
    [7] top-level scope
      @ C:\Users\admin!\OneDrive - VNU-HCMUS\Desktop\KHTN\NAM_3\K├î 2\Khai th├íc dß╗» liß╗çu ß╗⌐ng dß╗Ñng\lab2\tests\test_correctness.jl:14
    [8] include(mapexpr::Function, mod::Module, _path::String)
      @ Base .\Base.jl:307
    [9] top-level scope
      @ C:\Users\admin!\OneDrive - VNU-HCMUS\Desktop\KHTN\NAM_3\K├î 2\Khai th├íc dß╗» liß╗çu ß╗⌐ng dß╗Ñng\lab2\tests\runtests.jl:9
   [10] macro expansion
      @ C:\Users\admin!\AppData\Local\Programs\Julia-1.12.6\share\julia\stdlib\v1.12\Test\src\Test.jl:1777 [inlined]
   [11] macro expansion
      @ C:\Users\admin!\OneDrive - VNU-HCMUS\Desktop\KHTN\NAM_3\K├î 2\Khai th├íc dß╗» liß╗çu ß╗⌐ng dß╗Ñng\lab2\tests\runtests.jl:9 [inlined]
   [12] include(mod::Module, _path::String)
      @ Base .\Base.jl:306
   [13] exec_options(opts::Base.JLOptions)
      @ Base .\client.jl:317
   [14] _start()
      @ Base .\client.jl:550
Edge Cases: Error During Test at C:\Users\admin!\OneDrive - VNU-HCMUS\Desktop\KHTN\NAM_3\K├î 2\Khai th├íc dß╗» liß╗çu ß╗⌐ng dß╗Ñng\lab2\tests\test_correctness.jl:87
  Test threw exception
  Expression: isempty(index_bittablefi(transactions, 3))
  UndefVarError: `inc!` not defined in `Main`
  Suggestion: check for spelling errors or missing imports.
  Hint: a global variable of this name also exists in DataStructures.
  Stacktrace:
   [1] build_bittable_db(transactions::Vector{Vector{Int64}}, minsup::Int64)
     @ Main C:\Users\admin!\OneDrive - VNU-HCMUS\Desktop\KHTN\NAM_3\K├î 2\Khai th├íc dß╗» liß╗çu ß╗⌐ng dß╗Ñng\lab2\src\algorithm\index_bittablefi.jl:41
   [2] index_bittablefi(transactions::Vector{Vector{Int64}}, minsup::Int64)
     @ Main C:\Users\admin!\OneDrive - VNU-HCMUS\Desktop\KHTN\NAM_3\K├î 2\Khai th├íc dß╗» liß╗çu ß╗⌐ng dß╗Ñng\lab2\src\algorithm\index_bittablefi.jl:247
   [3] macro expansion
     @ C:\Users\admin!\AppData\Local\Programs\Julia-1.12.6\share\julia\stdlib\v1.12\Test\src\Test.jl:677 [inlined]
   [4] macro expansion
     @ C:\Users\admin!\OneDrive - VNU-HCMUS\Desktop\KHTN\NAM_3\K├î 2\Khai th├íc dß╗» liß╗çu ß╗⌐ng dß╗Ñng\lab2\tests\test_correctness.jl:87 [inlined]
   [5] macro expansion
     @ C:\Users\admin!\AppData\Local\Programs\Julia-1.12.6\share\julia\stdlib\v1.12\Test\src\Test.jl:1777 [inlined]
   [6] macro expansion
     @ C:\Users\admin!\OneDrive - VNU-HCMUS\Desktop\KHTN\NAM_3\K├î 2\Khai th├íc dß╗» liß╗çu ß╗⌐ng dß╗Ñng\lab2\tests\test_correctness.jl:83 [inlined]
   [7] macro expansion
     @ C:\Users\admin!\AppData\Local\Programs\Julia-1.12.6\share\julia\stdlib\v1.12\Test\src\Test.jl:1777 [inlined]
   [8] top-level scope
     @ C:\Users\admin!\OneDrive - VNU-HCMUS\Desktop\KHTN\NAM_3\K├î 2\Khai th├íc dß╗» liß╗çu ß╗⌐ng dß╗Ñng\lab2\tests\test_correctness.jl:14
Edge Cases: Error During Test at C:\Users\admin!\OneDrive - VNU-HCMUS\Desktop\KHTN\NAM_3\K├î 2\Khai th├íc dß╗» liß╗çu ß╗⌐ng dß╗Ñng\lab2\tests\test_correctness.jl:81
  Got exception outside of a @test
  UndefVarError: `inc!` not defined in `Main`
  Suggestion: check for spelling errors or missing imports.
  Hint: a global variable of this name also exists in DataStructures.
  Stacktrace:
    [1] build_bittable_db(transactions::Vector{Vector{Int64}}, minsup::Int64)
      @ Main C:\Users\admin!\OneDrive - VNU-HCMUS\Desktop\KHTN\NAM_3\K├î 2\Khai th├íc dß╗» liß╗çu ß╗⌐ng dß╗Ñng\lab2\src\algorithm\index_bittablefi.jl:41
    [2] index_bittablefi(transactions::Vector{Vector{Int64}}, minsup::Int64)
      @ Main C:\Users\admin!\OneDrive - VNU-HCMUS\Desktop\KHTN\NAM_3\K├î 2\Khai th├íc dß╗» liß╗çu ß╗⌐ng dß╗Ñng\lab2\src\algorithm\index_bittablefi.jl:247
    [3] macro expansion
      @ C:\Users\admin!\OneDrive - VNU-HCMUS\Desktop\KHTN\NAM_3\K├î 2\Khai th├íc dß╗» liß╗çu ß╗⌐ng dß╗Ñng\lab2\tests\test_correctness.jl:91 [inlined]
    [4] macro expansion
      @ C:\Users\admin!\AppData\Local\Programs\Julia-1.12.6\share\julia\stdlib\v1.12\Test\src\Test.jl:1777 [inlined]
    [5] macro expansion
      @ C:\Users\admin!\OneDrive - VNU-HCMUS\Desktop\KHTN\NAM_3\K├î 2\Khai th├íc dß╗» liß╗çu ß╗⌐ng dß╗Ñng\lab2\tests\test_correctness.jl:83 [inlined]
    [6] macro expansion
      @ C:\Users\admin!\AppData\Local\Programs\Julia-1.12.6\share\julia\stdlib\v1.12\Test\src\Test.jl:1777 [inlined]
    [7] top-level scope
      @ C:\Users\admin!\OneDrive - VNU-HCMUS\Desktop\KHTN\NAM_3\K├î 2\Khai th├íc dß╗» liß╗çu ß╗⌐ng dß╗Ñng\lab2\tests\test_correctness.jl:14
    [8] include(mapexpr::Function, mod::Module, _path::String)
      @ Base .\Base.jl:307
    [9] top-level scope
      @ C:\Users\admin!\OneDrive - VNU-HCMUS\Desktop\KHTN\NAM_3\K├î 2\Khai th├íc dß╗» liß╗çu ß╗⌐ng dß╗Ñng\lab2\tests\runtests.jl:9
   [10] macro expansion
      @ C:\Users\admin!\AppData\Local\Programs\Julia-1.12.6\share\julia\stdlib\v1.12\Test\src\Test.jl:1777 [inlined]
   [11] macro expansion
      @ C:\Users\admin!\OneDrive - VNU-HCMUS\Desktop\KHTN\NAM_3\K├î 2\Khai th├íc dß╗» liß╗çu ß╗⌐ng dß╗Ñng\lab2\tests\runtests.jl:9 [inlined]
   [12] include(mod::Module, _path::String)
      @ Base .\Base.jl:306
   [13] exec_options(opts::Base.JLOptions)
      @ Base .\client.jl:317
   [14] _start()
      @ Base .\client.jl:550

--- Benchmarking chess dataset (minsup=3000) ---
Performance Benchmark: Error During Test at C:\Users\admin!\OneDrive - VNU-HCMUS\Desktop\KHTN\NAM_3\K├î 2\Khai th├íc dß╗» liß╗çu ß╗⌐ng dß╗Ñng\lab2\tests\test_benchmark.jl:9
  Got exception outside of a @test
  UndefVarError: `inc!` not defined in `Main`
  Suggestion: check for spelling errors or missing imports.
  Hint: a global variable of this name also exists in DataStructures.
  Stacktrace:
    [1] build_bittable_db(transactions::Vector{Vector{Int64}}, minsup::Int64)
      @ Main C:\Users\admin!\OneDrive - VNU-HCMUS\Desktop\KHTN\NAM_3\K├î 2\Khai th├íc dß╗» liß╗çu ß╗⌐ng dß╗Ñng\lab2\src\algorithm\index_bittablefi.jl:41
    [2] index_bittablefi(transactions::Vector{Vector{Int64}}, minsup::Int64)
      @ Main C:\Users\admin!\OneDrive - VNU-HCMUS\Desktop\KHTN\NAM_3\K├î 2\Khai th├íc dß╗» liß╗çu ß╗⌐ng dß╗Ñng\lab2\src\algorithm\index_bittablefi.jl:247
    [3] top-level scope
      @ C:\Users\admin!\OneDrive - VNU-HCMUS\Desktop\KHTN\NAM_3\K├î 2\Khai th├íc dß╗» liß╗çu ß╗⌐ng dß╗Ñng\lab2\tests\test_benchmark.jl:11
    [4] macro expansion
      @ C:\Users\admin!\AppData\Local\Programs\Julia-1.12.6\share\julia\stdlib\v1.12\Test\src\Test.jl:1777 [inlined]
    [5] macro expansion
      @ C:\Users\admin!\OneDrive - VNU-HCMUS\Desktop\KHTN\NAM_3\K├î 2\Khai th├íc dß╗» liß╗çu ß╗⌐ng dß╗Ñng\lab2\tests\test_benchmark.jl:19 [inlined]
    [6] include(mapexpr::Function, mod::Module, _path::String)
      @ Base .\Base.jl:307
    [7] top-level scope
      @ C:\Users\admin!\OneDrive - VNU-HCMUS\Desktop\KHTN\NAM_3\K├î 2\Khai th├íc dß╗» liß╗çu ß╗⌐ng dß╗Ñng\lab2\tests\runtests.jl:9
    [8] macro expansion
      @ C:\Users\admin!\AppData\Local\Programs\Julia-1.12.6\share\julia\stdlib\v1.12\Test\src\Test.jl:1777 [inlined]
    [9] macro expansion
      @ C:\Users\admin!\OneDrive - VNU-HCMUS\Desktop\KHTN\NAM_3\K├î 2\Khai th├íc dß╗» liß╗çu ß╗⌐ng dß╗Ñng\lab2\tests\runtests.jl:10 [inlined]
   [10] include(mod::Module, _path::String)
      @ Base .\Base.jl:306
   [11] exec_options(opts::Base.JLOptions)
      @ Base .\client.jl:317
   [12] _start()
      @ Base .\client.jl:550
Test Summary:                 | Pass  Error  Total  Time
Frequent Itemset Mining Tests |    1      5      6  8.7s
  Correctness Tests           |    1      4      5  4.4s
    Paper Example (Table 1)   |           1      1  4.1s
    Simple Toy Dataset        |           1      1  0.0s
    Edge Cases                |    1      2      3  0.3s
  Performance Benchmark       |           1      1  1.7s
RNG of the outermost testset: Random.Xoshiro(0x54230629a46706a7, 0xfbb4135ebdb38b84, 0x7500dcd00fe67412, 0xc73183a9f34b1e2d, 0x029e29fbd40fc0c8)
julia : ERROR: LoadError: Some tests did not pass: 1 passed, 0 failed, 5 errored, 0 broken.
At line:1 char:1
+ julia --project=. tests/runtests.jl > test_output.log 2>&1
+ ~~~~~~~~~~~~~~~~~~~~~~~~~~~~~~~~~~~~~~~~~~~~~~~~~~~~~~~~~~
    + CategoryInfo          : NotSpecified: (ERROR: LoadErro...ored, 0 broken.:String) [], RemoteException
    + FullyQualifiedErrorId : NativeCommandError
 
in expression starting at C:\Users\admin!\OneDrive - VNU-HCMUS\Desktop\KHTN\NAM_3\K├î 2\Khai th├íc dß╗» liß╗çu ß╗⌐ng 
dß╗Ñng\lab2\tests\runtests.jl:8
